$ venv/bin/python brand_pipeline/onbrand_check.py runs/hubspot-v3/brand/brand.yaml runs/hubspot-v3/brand/compose/ai-product-launch --layout full-bleed-photo-hero --style corporate-saas-clean --composition --report onbrand-report.md

--- stdout ---
Wrote runs/hubspot-v3/brand/compose/ai-product-launch/onbrand-report.md
Wrote runs/hubspot-v3/brand/compose/ai-product-launch/onbrand-report.json
neverDo (hard):
style definition (corporate-saas-clean, advisory — never gates OVERALL):
  [PASS] [INVARIANT] Display rides the brand's measured display tier
  [WARN] [INVARIANT] One disciplined accent: reserved for CTAs, links, and key icons only;
  [WARN] [SOFT] Radius matches brand choice
  [PASS] [INVARIANT] Comfortable, consistent spacing: generous air, even vertical rhythm,
  [PASS] [INVARIANT] Single committed accent (no second accent)
  [WARN] Container-query units only (0 viewport units)
composition invariants (HARD):
  [PASS] single-accent
  [PASS] primitive-only
  [PASS] rhythm
  [PASS] data-composition
  [PASS] slot-resolution
  [FAIL] text-contrast
  [PASS] decoration-salience
  [PASS] occlusion
  [PASS] band-attribution
  [PASS] alignment-resolution
  [PASS] media-registration
  [PASS] interaction-contrast
  [FAIL] token-provenance
  [PASS] logo-wall-integrity
  [PASS] archetype-physics:hero
  [PASS] knob-consumption
  [PASS] content-redundancy
  [PASS] duplicate-copy
  [PASS] semantic-grouping
  [PASS] section-completeness
  [PASS] visual-anchor
  [PASS] page-rhythm
  [PASS] hero-balance
  [PASS] wireframe-consumption
  [PASS] component-fit
  [PASS] testimonial-integrity
  [PASS] grid-fill
  [PASS] media-binding
  [PASS] mark-legality
  [PASS] slot-role-eligibility
  [PASS] anatomy-tab-controls
  [PASS] anatomy-stat-items
  [PASS] fact-consumption
OVERALL: FAIL

--- stderr ---

--- exit=2 ---
