======== GROUND home ========
  [run ] section-00-text-with-image-base-component-is-showing.png ...
  [done] section-00-text-with-image-base-component-is-showing.yaml  (47.59s)
  [run ] section-01-div.png ...
  [done] section-01-div.yaml  (29.96s)
  [run ] section-02-div.png ...
  [done] section-02-div.yaml  (19.29s)
  [run ] section-03-div.png ...
  [done] section-03-div.yaml  (22.31s)
  [run ] section-04-cta-bg-green-750-component-is-showing.png ...
  [done] section-04-cta-bg-green-750-component-is-showing.yaml  (13.71s)
  [run ] section-05-footer.png ...
  [done] section-05-footer.yaml  (30.42s)
[done] ground: 6 grounded, 0 skipped, 0 failed -> runs/greenhouse-4/brand/evidence/pages/home/grounding
======== DONE GROUND home ========
======== GROUND talent-sourcing ========
  [run ] section-00-text-with-image.png ...
  [done] section-00-text-with-image.yaml  (44.22s)
  [run ] section-01-text-with-image-component-is-showing.png ...
  [done] section-01-text-with-image-component-is-showing.yaml  (34.64s)
  [run ] section-02-text-with-image-component-is-showing.png ...
  [done] section-02-text-with-image-component-is-showing.yaml  (32.94s)
  [run ] section-03-text-with-image-component-is-showing.png ...
  [done] section-03-text-with-image-component-is-showing.yaml  (32.45s)
  [run ] section-04-text-with-image-component-is-showing.png ...
  [done] section-04-text-with-image-component-is-showing.yaml  (28.14s)
  [run ] section-05-text-with-image-component-is-showing.png ...
  [done] section-05-text-with-image-component-is-showing.yaml  (33.32s)
  [run ] section-06-content-gallery-component-is-showing.png ...
  [done] section-06-content-gallery-component-is-showing.yaml  (20.49s)
  [run ] section-07-statistics-component-is-showing.png ...
  [done] section-07-statistics-component-is-showing.yaml  (14.05s)
  [run ] section-08-side-by-side-2-component-is-showing.png ...
  [done] section-08-side-by-side-2-component-is-showing.yaml  (34.13s)
  [run ] section-09-cta-bg-green-750-component-is-showing.png ...
  [done] section-09-cta-bg-green-750-component-is-showing.yaml  (12.61s)
  [run ] section-10-footer.png ...
  [done] section-10-footer.yaml  (28.59s)
[done] ground: 11 grounded, 0 skipped, 0 failed -> runs/greenhouse-4/brand/evidence/pages/talent-sourcing/grounding
======== DONE GROUND talent-sourcing ========
======== GROUND compare ========
  [run ] section-00-div.png ...
  [done] section-00-div.yaml  (47.46s)
  [run ] section-01-bg-grey.png ...
  [done] section-01-bg-grey.yaml  (22.81s)
  [run ] section-02-video-component.png ...
  [done] section-02-video-component.yaml  (31.79s)
  [run ] section-03-div.png ...
  [done] section-03-div.yaml  (14.16s)
  [run ] section-04-side-by-side-2-component-is-showing.png ...
  [done] section-04-side-by-side-2-component-is-showing.yaml  (26.36s)
  [run ] section-05-div-block-145-component-is-showing.png ...
  [done] section-05-div-block-145-component-is-showing.yaml  (15.66s)
  [run ] section-06-content-gallery-component-is-showing.png ...
  [done] section-06-content-gallery-component-is-showing.yaml  (20.3s)
  [run ] section-07-cta-bg-green-750-component-is-showing.png ...
  [done] section-07-cta-bg-green-750-component-is-showing.yaml  (12.49s)
  [run ] section-08-footer.png ...
  [done] section-08-footer.yaml  (29.98s)
[done] ground: 9 grounded, 0 skipped, 0 failed -> runs/greenhouse-4/brand/evidence/pages/compare/grounding
======== DONE GROUND compare ========
